
> isobara@1.0.0 test
> node tools/build.mjs --test && node --test tests/core.test.mjs tests/build.test.mjs

Test modules compiled with TypeScript 5.8.3.
✔ production JavaScript bundle parses successfully (2207.1096ms)
✔ Seed streams are deterministic; invalid weights fail explicitly (1.9267ms)
✔ Distance changes portal distributions, with safe starting zone (18.2923ms)
✔ World is independent of chunk load order; starts and routes are walkable (649.6487ms)
✔ 1500 dungeon seeds, every tier and theme: physical connectivity and finite objectives (5521.8341ms)
✔ Forced fallback is a complete playable map for every tier (47.2692ms)
✔ Rewards are valid, distinct, reproducible and include real skill effects (14.3197ms)
✔ Mastered-tier fallback is explicit, never empty or +0 (0.4296ms)
✔ Claim is exactly once, preserved through export/import and full inventory (10.41ms)
✔ Corrupt and incompatible saves never replace a valid game (1.0963ms)
✔ Respec is only outside expeditions, preserves earned ranks and affects actual stats (0.5353ms)
✔ Simulation normalizes diagonals and does not update while paused in reward/death (10.9432ms)
ℹ tests 12
ℹ suites 0
ℹ pass 12
ℹ fail 0
ℹ cancelled 0
ℹ skipped 0
ℹ todo 0
ℹ duration_ms 6423.8083

